// Vitest Snapshot v1

exports[`components > N8nButton > overrides > should render correctly 1`] = `"<button aria-disabled=\\"false\\" aria-busy=\\"false\\" aria-live=\\"polite\\" class=\\"button _button_cccce_115 _secondary_cccce_170 _medium_cccce_254 _icon_cccce_239\\" icon=\\"plus-circle\\" type=\\"secondary\\"><span class=\\"_icon_cccce_239\\"><n8n-icon-stub icon=\\"plus-circle\\" size=\\"medium\\"></n8n-icon-stub></span><span>Button</span></button>"`;

exports[`components > N8nButton > props > icon > should render icon button 1`] = `"<button aria-disabled=\\"false\\" aria-busy=\\"false\\" aria-live=\\"polite\\" class=\\"button _button_cccce_115 _primary_cccce_288 _medium_cccce_254 _icon_cccce_239\\"><span class=\\"_icon_cccce_239\\"><n8n-icon-stub icon=\\"plus-circle\\" size=\\"medium\\"></n8n-icon-stub></span><span>Button</span></button>"`;

exports[`components > N8nButton > props > loading > should render loading spinner 1`] = `"<button disabled=\\"disabled\\" aria-disabled=\\"false\\" aria-busy=\\"true\\" aria-live=\\"polite\\" class=\\"button _button_cccce_115 _primary_cccce_288 _medium_cccce_254 _loading_cccce_352 _icon_cccce_239\\"><span class=\\"_icon_cccce_239\\"><n8n-spinner-stub size=\\"medium\\" type=\\"dots\\"></n8n-spinner-stub></span><span>Button</span></button>"`;

exports[`components > N8nButton > should render correctly 1`] = `
"<button aria-disabled=\\"false\\" aria-busy=\\"false\\" aria-live=\\"polite\\" class=\\"button _button_cccce_115 _primary_cccce_288 _medium_cccce_254\\">
  <!----><span>Button</span></button>"
`;
