// Vitest Snapshot v1, https://vitest.dev/guide/snapshot.html

exports[`N8nRoute > should render external links 1`] = `"<a href="https://example.com/" target="_blank"></a>"`;

exports[`N8nRoute > should render internal links with newWindow=true 1`] = `"<a href="/test" target="_blank"></a>"`;

exports[`N8nRoute > should render internal router links 1`] = `"<router-link to="/test"></router-link>"`;
