// Vitest Snapshot v1, https://vitest.dev/guide/snapshot.html

exports[`CanvasControlButtons > should render correctly 1`] = `
"<div class="vue-flow__panel bottom left vue-flow__controls" style="pointer-events: all;">
  <!---->
  <!----><button class="vue-flow__controls-button vue-flow__controls-interactive"><svg xmlns="http://www.w3.org/2000/svg" viewBox="0 0 25 32">
      <path d="M21.333 10.667H19.81V7.619C19.81 3.429 16.38 0 12.19 0c-4.114 1.828-1.37 2.133.305 2.438 1.676.305 4.42 2.59 4.42 5.181v3.048H3.047A3.056 3.056 0 0 0 0 13.714v15.238A3.056 3.056 0 0 0 3.048 32h18.285a3.056 3.056 0 0 0 3.048-3.048V13.714a3.056 3.056 0 0 0-3.048-3.047zM12.19 24.533a3.056 3.056 0 0 1-3.047-3.047 3.056 3.056 0 0 1 3.047-3.048 3.056 3.056 0 0 1 3.048 3.048 3.056 3.056 0 0 1-3.048 3.047z"></path>
    </svg>
    <!---->
  </button><button class="button button tertiary large withIcon square el-tooltip__trigger el-tooltip__trigger" aria-live="polite" data-test-id="zoom-to-fit"><span class="icon"><span class="n8n-text compact size-large regular n8n-icon n8n-icon"><svg class="svg-inline--fa fa-expand fa-w-14 large" aria-hidden="true" focusable="false" data-prefix="fas" data-icon="expand" role="img" xmlns="http://www.w3.org/2000/svg" viewBox="0 0 448 512"><path class="" fill="currentColor" d="M0 180V56c0-13.3 10.7-24 24-24h124c6.6 0 12 5.4 12 12v40c0 6.6-5.4 12-12 12H64v84c0 6.6-5.4 12-12 12H12c-6.6 0-12-5.4-12-12zM288 44v40c0 6.6 5.4 12 12 12h84v84c0 6.6 5.4 12 12 12h40c6.6 0 12-5.4 12-12V56c0-13.3-10.7-24-24-24H300c-6.6 0-12 5.4-12 12zm148 276h-40c-6.6 0-12 5.4-12 12v84h-84c-6.6 0-12 5.4-12 12v40c0 6.6 5.4 12 12 12h124c13.3 0 24-10.7 24-24V332c0-6.6-5.4-12-12-12zM160 468v-40c0-6.6-5.4-12-12-12H64v-84c0-6.6-5.4-12-12-12H12c-6.6 0-12 5.4-12 12v124c0 13.3 10.7 24 24 24h124c6.6 0 12-5.4 12-12z"></path></svg></span></span>
    <!--v-if-->
  </button>
  <!--teleport start-->
  <!--teleport end--><button class="button button tertiary large withIcon square el-tooltip__trigger el-tooltip__trigger" aria-live="polite" data-test-id="zoom-in-button"><span class="icon"><span class="n8n-text compact size-large regular n8n-icon n8n-icon"><svg class="svg-inline--fa fa-search-plus fa-w-16 large" aria-hidden="true" focusable="false" data-prefix="fas" data-icon="search-plus" role="img" xmlns="http://www.w3.org/2000/svg" viewBox="0 0 512 512"><path class="" fill="currentColor" d="M304 192v32c0 6.6-5.4 12-12 12h-56v56c0 6.6-5.4 12-12 12h-32c-6.6 0-12-5.4-12-12v-56h-56c-6.6 0-12-5.4-12-12v-32c0-6.6 5.4-12 12-12h56v-56c0-6.6 5.4-12 12-12h32c6.6 0 12 5.4 12 12v56h56c6.6 0 12 5.4 12 12zm201 284.7L476.7 505c-9.4 9.4-24.6 9.4-33.9 0L343 405.3c-4.5-4.5-7-10.6-7-17V372c-35.3 27.6-79.7 44-128 44C93.1 416 0 322.9 0 208S93.1 0 208 0s208 93.1 208 208c0 48.3-16.4 92.7-44 128h16.3c6.4 0 12.5 2.5 17 7l99.7 99.7c9.3 9.4 9.3 24.6 0 34zM344 208c0-75.2-60.8-136-136-136S72 132.8 72 208s60.8 136 136 136 136-60.8 136-136z"></path></svg></span></span>
    <!--v-if-->
  </button>
  <!--teleport start-->
  <!--teleport end--><button class="button button tertiary large withIcon square el-tooltip__trigger el-tooltip__trigger" aria-live="polite" data-test-id="zoom-out-button"><span class="icon"><span class="n8n-text compact size-large regular n8n-icon n8n-icon"><svg class="svg-inline--fa fa-search-minus fa-w-16 large" aria-hidden="true" focusable="false" data-prefix="fas" data-icon="search-minus" role="img" xmlns="http://www.w3.org/2000/svg" viewBox="0 0 512 512"><path class="" fill="currentColor" d="M304 192v32c0 6.6-5.4 12-12 12H124c-6.6 0-12-5.4-12-12v-32c0-6.6 5.4-12 12-12h168c6.6 0 12 5.4 12 12zm201 284.7L476.7 505c-9.4 9.4-24.6 9.4-33.9 0L343 405.3c-4.5-4.5-7-10.6-7-17V372c-35.3 27.6-79.7 44-128 44C93.1 416 0 322.9 0 208S93.1 0 208 0s208 93.1 208 208c0 48.3-16.4 92.7-44 128h16.3c6.4 0 12.5 2.5 17 7l99.7 99.7c9.3 9.4 9.3 24.6 0 34zM344 208c0-75.2-60.8-136-136-136S72 132.8 72 208s60.8 136 136 136 136-60.8 136-136z"></path></svg></span></span>
    <!--v-if-->
  </button>
  <!--teleport start-->
  <!--teleport end-->
  <!--v-if--><button class="button button tertiary large square iconButton el-tooltip__trigger el-tooltip__trigger iconButton el-tooltip__trigger el-tooltip__trigger" aria-live="polite" data-test-id="tidy-up-button">
    <!--v-if--><span><svg xmlns="http://www.w3.org/2000/svg" viewBox="0 0 16 16"><path fill="currentColor" d="M1.6.13c-.18-.17-.47-.18-.62 0L.56.57.14.98c-.2.15-.18.44 0 .62l3.63 3.6c.1.1.1.27 0 .37-.2.2-.53.52-.93.94-.56.57-.12 1.62.22 2.11.05.07.12.1.2.1.05-.01.1-.04.15-.08l5.23-5.22c.1-.1.1-.26-.02-.34-.5-.34-1.55-.78-2.12-.22-.42.4-.75.73-.94.93-.1.1-.27.1-.37 0L1.6.13ZM9.5 3.9c.07-.09.2-.1.3-.04l6.07 3.44c.15.08.18.29.05.4l-1.21 1.22a.26.26 0 0 1-.26.07l-2.18-.64a.26.26 0 0 0-.32.33l.76 2.02c.04.1.01.2-.06.27L7.7 15.92a.26.26 0 0 1-.41-.05L3.83 9.8a.26.26 0 0 1 .04-.3l5.62-5.6Z"></path></svg></span>
  </button>
  <!--teleport start-->
  <!--teleport end-->
</div>"
`;
