{
  "$schema": "http://json-schema.org/draft-04/schema#",
  "type": "object",
  "properties": {
    "data": {
      "type": "object",
      "properties": {
        "startData": {
          "type": "object",
          "properties": {}
        },
        "resultData": {
          "type": "object",
          "properties": {
            "runData": {
              "type": "object",
              "properties": {
                "When clicking \"Test workflow\"": {
                  "type": "array",
                  "items": {
                    "type": "object",
                    "properties": {
                      "startTime": {
                        "type": "number"
                      },
                      "executionIndex": {
                        "type": "number"
                      },
                      "source": {
                        "type": "array",
                        "items": {}
                      },
                      "hints": {
                        "type": "array",
                        "items": {}
                      },
                      "executionTime": {
                        "type": "number"
                      },
                      "executionStatus": {
                        "type": "string"
                      },
                      "data": {
                        "type": "object",
                        "properties": {
                          "main": {
                            "type": "array",
                            "items": {
                              "type": "array"
                            }
                          }
                        }
                      }
                    }
                  }
                },
                "Set Baseline": {
                  "type": "array",
                  "items": {
                    "type": "object",
                    "properties": {
                      "startTime": {
                        "type": "number"
                      },
                      "executionIndex": {
                        "type": "number"
                      },
                      "source": {
                        "type": "array",
                        "items": {
                          "type": "object",
                          "properties": {
                            "previousNode": {
                              "type": "string"
                            }
                          }
                        }
                      },
                      "hints": {
                        "type": "array",
                        "items": {}
                      },
                      "executionTime": {
                        "type": "number"
                      },
                      "executionStatus": {
                        "type": "string"
                      },
                      "data": {
                        "type": "object",
                        "properties": {
                          "main": {
                            "type": "array",
                            "items": {
                              "type": "array"
                            }
                          }
                        }
                      }
                    }
                  }
                },
                "Set Article": {
                  "type": "array",
                  "items": {
                    "type": "object",
                    "properties": {
                      "startTime": {
                        "type": "number"
                      },
                      "executionIndex": {
                        "type": "number"
                      },
                      "source": {
                        "type": "array",
                        "items": {
                          "type": "object",
                          "properties": {
                            "previousNode": {
                              "type": "string"
                            }
                          }
                        }
                      },
                      "hints": {
                        "type": "array",
                        "items": {
                          "type": "object",
                          "properties": {
                            "message": {
                              "type": "string"
                            },
                            "location": {
                              "type": "string"
                            }
                          }
                        }
                      },
                      "executionTime": {
                        "type": "number"
                      },
                      "executionStatus": {
                        "type": "string"
                      },
                      "data": {
                        "type": "object",
                        "properties": {
                          "main": {
                            "type": "array",
                            "items": {
                              "type": "array"
                            }
                          }
                        }
                      }
                    }
                  }
                },
                "Convert to File": {
                  "type": "array",
                  "items": {
                    "type": "object",
                    "properties": {
                      "startTime": {
                        "type": "number"
                      },
                      "executionIndex": {
                        "type": "number"
                      },
                      "source": {
                        "type": "array",
                        "items": {
                          "type": "object",
                          "properties": {
                            "previousNode": {
                              "type": "string"
                            }
                          }
                        }
                      },
                      "hints": {
                        "type": "array",
                        "items": {}
                      },
                      "executionTime": {
                        "type": "number"
                      },
                      "executionStatus": {
                        "type": "string"
                      },
                      "data": {
                        "type": "object",
                        "properties": {
                          "main": {
                            "type": "array",
                            "items": {
                              "type": "array"
                            }
                          }
                        }
                      }
                    }
                  }
                },
                "OpenAI Chat Model4": {
                  "type": "array",
                  "items": {
                    "type": "object",
                    "properties": {
                      "startTime": {
                        "type": "number"
                      },
                      "executionTime": {
                        "type": "number"
                      },
                      "executionIndex": {
                        "type": "number"
                      },
                      "executionStatus": {
                        "type": "string"
                      },
                      "source": {
                        "type": "array",
                        "items": {
                          "type": "object",
                          "properties": {
                            "previousNode": {
                              "type": "string"
                            },
                            "previousNodeRun": {
                              "type": "number"
                            }
                          },
                          "required": [
                            "previousNode",
                            "previousNodeRun"
                          ]
                        }
                      },
                      "data": {
                        "type": "object",
                        "properties": {
                          "ai_languageModel": {
                            "type": "array",
                            "items": {
                              "type": "array"
                            }
                          }
                        }
                      },
                      "inputOverride": {
                        "type": "object",
                        "properties": {
                          "ai_languageModel": {
                            "type": "array",
                            "items": {
                              "type": "array"
                            }
                          }
                        }
                      },
                      "metadata": {
                        "type": "object",
                        "properties": {
                          "subRun": {
                            "type": "array",
                            "items": {
                              "type": "object",
                              "properties": {
                                "node": {
                                  "type": "string"
                                },
                                "runIndex": {
                                  "type": "number"
                                }
                              },
                              "required": [
                                "node",
                                "runIndex"
                              ]
                            }
                          }
                        }
                      }
                    },
                    "required": [
                      "startTime",
                      "executionTime",
                      "executionIndex",
                      "executionStatus",
                      "source",
                      "data",
                      "inputOverride",
                      "metadata"
                    ]
                  }
                },
                "Summary - Simple - Map - Binary": {
                  "type": "array",
                  "items": {
                    "type": "object",
                    "properties": {
                      "startTime": {
                        "type": "number"
                      },
                      "executionIndex": {
                        "type": "number"
                      },
                      "source": {
                        "type": "array",
                        "items": {
                          "type": "object",
                          "properties": {
                            "previousNode": {
                              "type": "string"
                            }
                          }
                        }
                      },
                      "hints": {
                        "type": "array",
                        "items": {}
                      },
                      "executionTime": {
                        "type": "number"
                      },
                      "executionStatus": {
                        "type": "string"
                      },
                      "data": {
                        "type": "object",
                        "properties": {
                          "main": {
                            "type": "array",
                            "items": {
                              "type": "array"
                            }
                          }
                        }
                      }
                    }
                  }
                },
                "OpenAI Chat Model5": {
                  "type": "array",
                  "items": {
                    "type": "object",
                    "properties": {
                      "startTime": {
                        "type": "number"
                      },
                      "executionTime": {
                        "type": "number"
                      },
                      "executionIndex": {
                        "type": "number"
                      },
                      "executionStatus": {
                        "type": "string"
                      },
                      "source": {
                        "type": "array",
                        "items": {
                          "type": "object",
                          "properties": {
                            "previousNode": {
                              "type": "string"
                            },
                            "previousNodeRun": {
                              "type": "number"
                            }
                          }
                        }
                      },
                      "data": {
                        "type": "object",
                        "properties": {
                          "ai_languageModel": {
                            "type": "array",
                            "items": {
                              "type": "array"
                            }
                          }
                        }
                      },
                      "inputOverride": {
                        "type": "object",
                        "properties": {
                          "ai_languageModel": {
                            "type": "array",
                            "items": {
                              "type": "array"
                            }
                          }
                        }
                      },
                      "metadata": {
                        "type": "object",
                        "properties": {
                          "subRun": {
                            "type": "array",
                            "items": {
                              "type": "object",
                              "properties": {
                                "node": {
                                  "type": "string"
                                },
                                "runIndex": {
                                  "type": "number"
                                }
                              }
                            }
                          }
                        }
                      }
                    }
                  }
                },
                "Evaluate to Baseline": {
                  "type": "array",
                  "items": {
                    "type": "object",
                    "properties": {
                      "startTime": {
                        "type": "number"
                      },
                      "executionIndex": {
                        "type": "number"
                      },
                      "source": {
                        "type": "array",
                        "items": {
                          "type": "object",
                          "properties": {
                            "previousNode": {
                              "type": "string"
                            }
                          }
                        }
                      },
                      "hints": {
                        "type": "array",
                        "items": {}
                      },
                      "executionTime": {
                        "type": "number"
                      },
                      "executionStatus": {
                        "type": "string"
                      },
                      "data": {
                        "type": "object",
                        "properties": {
                          "main": {
                            "type": "array",
                            "items": {
                              "type": "array"
                            }
                          }
                        }
                      }
                    }
                  }
                }
              }
            },
            "lastNodeExecuted": {
              "type": "string"
            }
          }
        },
        "executionData": {
          "type": "object",
          "properties": {
            "contextData": {
              "type": "object",
              "properties": {}
            },
            "nodeExecutionStack": {
              "type": "array",
              "items": {}
            },
            "metadata": {
              "type": "object",
              "properties": {
                "OpenAI Chat Model4": {
                  "type": "array",
                  "items": {
                    "type": "object",
                    "properties": {
                      "subRun": {
                        "type": "array",
                        "items": {
                          "type": "object",
                          "properties": {
                            "node": {
                              "type": "string"
                            },
                            "runIndex": {
                              "type": "number"
                            }
                          },
                          "required": [
                            "node",
                            "runIndex"
                          ]
                        }
                      }
                    },
                    "required": [
                      "subRun"
                    ]
                  }
                },
                "OpenAI Chat Model5": {
                  "type": "array",
                  "items": {
                    "type": "object",
                    "properties": {
                      "subRun": {
                        "type": "array",
                        "items": {
                          "type": "object",
                          "properties": {
                            "node": {
                              "type": "string"
                            },
                            "runIndex": {
                              "type": "number"
                            }
                          }
                        }
                      }
                    }
                  }
                }
              }
            },
            "waitingExecution": {
              "type": "object",
              "properties": {}
            },
            "waitingExecutionSource": {
              "type": "object",
              "properties": {}
            }
          }
        }
      }
    },
    "mode": {
      "type": "string"
    },
    "startedAt": {
      "type": "string"
    },
    "stoppedAt": {
      "type": "string"
    },
    "status": {
      "type": "string"
    },
    "finished": {
      "type": "boolean"
    }
  }
}