// Vitest Snapshot v1, https://vitest.dev/guide/snapshot.html

exports[`MultipleParameter > should render correctly 1`] = `
"<div data-v-a47e4507="" class="duplicate-parameter">
  <div data-v-a47e4507="" class="container" data-test-id="input-label"><label class="n8n-input-label inputLabel heading underline small">
      <div class="title"><span class="n8n-text text-dark size-small bold">Additional Fields <!--v-if--></span></div>
      <!--v-if-->
      <!--v-if-->
      <!--v-if-->
    </label></div>
  <div data-v-a47e4507="" class="add-item-wrapper">
    <div data-v-a47e4507="" class="no-items-exist"><span data-v-a47e4507="" class="n8n-text size-small regular">Currently no items exist</span></div><button data-v-a47e4507="" class="button button tertiary medium block" aria-live="polite">
      <!--v-if--><span>Add item</span>
    </button>
  </div>
</div>"
`;
