// Vitest Snapshot v1

exports[`RunDataJson.vue > renders json values properly 1`] = `
<div>
  <div
    class="jsonDisplay"
  >
    <!---->
    <div
      class=""
    >
      <div
        class="json-data vjs-tree"
      >
        <div
          class="vjs-tree-list"
        >
          <div
            class="vjs-tree-list-holder"
          >
            <div
              class="vjs-tree-list-holder-inner"
            >
              <div
                class="vjs-tree-node"
                collapsed-on-click-brackets="true"
              >
                <!---->
                <!---->
                <div
                  class="vjs-indent"
                >
                  <!---->
                </div>
                <!---->
                <span>
                  <span
                    class="vjs-tree-brackets"
                  >
                    [
                  </span>
                  <!---->
                  <!---->
                </span>
              </div>
              <div
                class="vjs-tree-node"
                collapsed-on-click-brackets="true"
              >
                <!---->
                <!---->
                <div
                  class="vjs-indent"
                >
                  <div
                    class="vjs-indent-unit has-line"
                  />
                  <!---->
                </div>
                <!---->
                <span>
                  <span
                    class="vjs-tree-brackets"
                  >
                    {
                  </span>
                  <!---->
                  <!---->
                </span>
              </div>
              <div
                class="vjs-tree-node"
                collapsed-on-click-brackets="true"
              >
                <!---->
                <!---->
                <div
                  class="vjs-indent"
                >
                  <div
                    class="vjs-indent-unit has-line"
                  />
                  <div
                    class="vjs-indent-unit has-line"
                  />
                  <!---->
                </div>
                <span
                  class="vjs-key"
                >
                  <span
                    class="mappable"
                    data-depth="2"
                    data-name="list"
                    data-path="[0].list"
                    data-target="mappable"
                    data-value="{{ $node.Set.json.list }}"
                  >
                    "list"
                  </span>
                  <span>
                    :
                  </span>
                </span>
                <span>
                  <span
                    class="vjs-tree-brackets"
                  >
                    [
                  </span>
                  <!---->
                  <!---->
                </span>
              </div>
              <div
                class="vjs-tree-node"
                collapsed-on-click-brackets="true"
              >
                <!---->
                <!---->
                <div
                  class="vjs-indent"
                >
                  <div
                    class="vjs-indent-unit has-line"
                  />
                  <div
                    class="vjs-indent-unit has-line"
                  />
                  <div
                    class="vjs-indent-unit has-line"
                  />
                  <!---->
                </div>
                <!---->
                <span>
                  <span
                    class="vjs-value vjs-value-number"
                  >
                    <span
                      class="ph-no-capture mappable"
                      data-depth="3"
                      data-name="list[0]"
                      data-path="[0].list[0]"
                      data-target="mappable"
                      data-value="{{ $node.Set.json.list[0] }}"
                    >
                      1
                    </span>
                  </span>
                  <span>
                    ,
                  </span>
                  <!---->
                </span>
              </div>
              <div
                class="vjs-tree-node"
                collapsed-on-click-brackets="true"
              >
                <!---->
                <!---->
                <div
                  class="vjs-indent"
                >
                  <div
                    class="vjs-indent-unit has-line"
                  />
                  <div
                    class="vjs-indent-unit has-line"
                  />
                  <div
                    class="vjs-indent-unit has-line"
                  />
                  <!---->
                </div>
                <!---->
                <span>
                  <span
                    class="vjs-value vjs-value-number"
                  >
                    <span
                      class="ph-no-capture mappable"
                      data-depth="3"
                      data-name="list[1]"
                      data-path="[0].list[1]"
                      data-target="mappable"
                      data-value="{{ $node.Set.json.list[1] }}"
                    >
                      2
                    </span>
                  </span>
                  <span>
                    ,
                  </span>
                  <!---->
                </span>
              </div>
              <div
                class="vjs-tree-node"
                collapsed-on-click-brackets="true"
              >
                <!---->
                <!---->
                <div
                  class="vjs-indent"
                >
                  <div
                    class="vjs-indent-unit has-line"
                  />
                  <div
                    class="vjs-indent-unit has-line"
                  />
                  <div
                    class="vjs-indent-unit has-line"
                  />
                  <!---->
                </div>
                <!---->
                <span>
                  <span
                    class="vjs-value vjs-value-number"
                  >
                    <span
                      class="ph-no-capture mappable"
                      data-depth="3"
                      data-name="list[2]"
                      data-path="[0].list[2]"
                      data-target="mappable"
                      data-value="{{ $node.Set.json.list[2] }}"
                    >
                      3
                    </span>
                  </span>
                  <!---->
                  <!---->
                </span>
              </div>
              <div
                class="vjs-tree-node"
                collapsed-on-click-brackets="true"
              >
                <!---->
                <!---->
                <div
                  class="vjs-indent"
                >
                  <div
                    class="vjs-indent-unit has-line"
                  />
                  <div
                    class="vjs-indent-unit has-line"
                  />
                  <!---->
                </div>
                <!---->
                <span>
                  <span
                    class="vjs-tree-brackets"
                  >
                    ]
                  </span>
                  <span>
                    ,
                  </span>
                  <!---->
                </span>
              </div>
              <div
                class="vjs-tree-node"
                collapsed-on-click-brackets="true"
              >
                <!---->
                <!---->
                <div
                  class="vjs-indent"
                >
                  <div
                    class="vjs-indent-unit has-line"
                  />
                  <div
                    class="vjs-indent-unit has-line"
                  />
                  <!---->
                </div>
                <span
                  class="vjs-key"
                >
                  <span
                    class="mappable"
                    data-depth="2"
                    data-name="record"
                    data-path="[0].record"
                    data-target="mappable"
                    data-value="{{ $node.Set.json.record }}"
                  >
                    "record"
                  </span>
                  <span>
                    :
                  </span>
                </span>
                <span>
                  <span
                    class="vjs-tree-brackets"
                  >
                    {
                  </span>
                  <!---->
                  <!---->
                </span>
              </div>
              <div
                class="vjs-tree-node"
                collapsed-on-click-brackets="true"
              >
                <!---->
                <!---->
                <div
                  class="vjs-indent"
                >
                  <div
                    class="vjs-indent-unit has-line"
                  />
                  <div
                    class="vjs-indent-unit has-line"
                  />
                  <div
                    class="vjs-indent-unit has-line"
                  />
                  <!---->
                </div>
                <span
                  class="vjs-key"
                >
                  <span
                    class="mappable"
                    data-depth="3"
                    data-name="name"
                    data-path="[0].record.name"
                    data-target="mappable"
                    data-value="{{ $node.Set.json.record.name }}"
                  >
                    "name"
                  </span>
                  <span>
                    :
                  </span>
                </span>
                <span>
                  <span
                    class="vjs-value vjs-value-string"
                  >
                    <span
                      class="ph-no-capture"
                    >
                      "Joe"
                    </span>
                  </span>
                  <!---->
                  <!---->
                </span>
              </div>
              <div
                class="vjs-tree-node"
                collapsed-on-click-brackets="true"
              >
                <!---->
                <!---->
                <div
                  class="vjs-indent"
                >
                  <div
                    class="vjs-indent-unit has-line"
                  />
                  <div
                    class="vjs-indent-unit has-line"
                  />
                  <!---->
                </div>
                <!---->
                <span>
                  <span
                    class="vjs-tree-brackets"
                  >
                    }
                  </span>
                  <span>
                    ,
                  </span>
                  <!---->
                </span>
              </div>
              <div
                class="vjs-tree-node"
                collapsed-on-click-brackets="true"
              >
                <!---->
                <!---->
                <div
                  class="vjs-indent"
                >
                  <div
                    class="vjs-indent-unit has-line"
                  />
                  <div
                    class="vjs-indent-unit has-line"
                  />
                  <!---->
                </div>
                <span
                  class="vjs-key"
                >
                  <span
                    class="mappable"
                    data-depth="2"
                    data-name="myNumber"
                    data-path="[0].myNumber"
                    data-target="mappable"
                    data-value="{{ $node.Set.json.myNumber }}"
                  >
                    "myNumber"
                  </span>
                  <span>
                    :
                  </span>
                </span>
                <span>
                  <span
                    class="vjs-value vjs-value-number"
                  >
                    <span
                      class="ph-no-capture"
                    >
                      123
                    </span>
                  </span>
                  <span>
                    ,
                  </span>
                  <!---->
                </span>
              </div>
              <div
                class="vjs-tree-node"
                collapsed-on-click-brackets="true"
              >
                <!---->
                <!---->
                <div
                  class="vjs-indent"
                >
                  <div
                    class="vjs-indent-unit has-line"
                  />
                  <div
                    class="vjs-indent-unit has-line"
                  />
                  <!---->
                </div>
                <span
                  class="vjs-key"
                >
                  <span
                    class="mappable"
                    data-depth="2"
                    data-name="myStringNumber"
                    data-path="[0].myStringNumber"
                    data-target="mappable"
                    data-value="{{ $node.Set.json.myStringNumber }}"
                  >
                    "myStringNumber"
                  </span>
                  <span>
                    :
                  </span>
                </span>
                <span>
                  <span
                    class="vjs-value vjs-value-string"
                  >
                    <span
                      class="ph-no-capture"
                    >
                      "456"
                    </span>
                  </span>
                  <span>
                    ,
                  </span>
                  <!---->
                </span>
              </div>
              <div
                class="vjs-tree-node"
                collapsed-on-click-brackets="true"
              >
                <!---->
                <!---->
                <div
                  class="vjs-indent"
                >
                  <div
                    class="vjs-indent-unit has-line"
                  />
                  <div
                    class="vjs-indent-unit has-line"
                  />
                  <!---->
                </div>
                <span
                  class="vjs-key"
                >
                  <span
                    class="mappable"
                    data-depth="2"
                    data-name="myStringText"
                    data-path="[0].myStringText"
                    data-target="mappable"
                    data-value="{{ $node.Set.json.myStringText }}"
                  >
                    "myStringText"
                  </span>
                  <span>
                    :
                  </span>
                </span>
                <span>
                  <span
                    class="vjs-value vjs-value-string"
                  >
                    <span
                      class="ph-no-capture"
                    >
                      "abc"
                    </span>
                  </span>
                  <span>
                    ,
                  </span>
                  <!---->
                </span>
              </div>
              <div
                class="vjs-tree-node"
                collapsed-on-click-brackets="true"
              >
                <!---->
                <!---->
                <div
                  class="vjs-indent"
                >
                  <div
                    class="vjs-indent-unit has-line"
                  />
                  <div
                    class="vjs-indent-unit has-line"
                  />
                  <!---->
                </div>
                <span
                  class="vjs-key"
                >
                  <span
                    class="mappable"
                    data-depth="2"
                    data-name="nil"
                    data-path="[0].nil"
                    data-target="mappable"
                    data-value="{{ $node.Set.json.nil }}"
                  >
                    "nil"
                  </span>
                  <span>
                    :
                  </span>
                </span>
                <span>
                  <span
                    class="vjs-value vjs-value-null"
                  >
                    <span
                      class="ph-no-capture"
                    >
                      null
                    </span>
                  </span>
                  <span>
                    ,
                  </span>
                  <!---->
                </span>
              </div>
              <div
                class="vjs-tree-node"
                collapsed-on-click-brackets="true"
              >
                <!---->
                <!---->
                <div
                  class="vjs-indent"
                >
                  <div
                    class="vjs-indent-unit has-line"
                  />
                  <div
                    class="vjs-indent-unit has-line"
                  />
                  <!---->
                </div>
                <span
                  class="vjs-key"
                >
                  <span
                    class="mappable"
                    data-depth="2"
                    data-name="d"
                    data-path="[0].d"
                    data-target="mappable"
                    data-value="{{ $node.Set.json.d }}"
                  >
                    "d"
                  </span>
                  <span>
                    :
                  </span>
                </span>
                <span>
                  <span
                    class="vjs-value vjs-value-undefined"
                  >
                    <span
                      class="ph-no-capture"
                    >
                      
                    </span>
                  </span>
                  <!---->
                  <!---->
                </span>
              </div>
              <div
                class="vjs-tree-node"
                collapsed-on-click-brackets="true"
              >
                <!---->
                <!---->
                <div
                  class="vjs-indent"
                >
                  <div
                    class="vjs-indent-unit has-line"
                  />
                  <!---->
                </div>
                <!---->
                <span>
                  <span
                    class="vjs-tree-brackets"
                  >
                    }
                  </span>
                  <!---->
                  <!---->
                </span>
              </div>
              <div
                class="vjs-tree-node"
                collapsed-on-click-brackets="true"
              >
                <!---->
                <!---->
                <div
                  class="vjs-indent"
                >
                  <!---->
                </div>
                <!---->
                <span>
                  <span
                    class="vjs-tree-brackets"
                  >
                    ]
                  </span>
                  <!---->
                  <!---->
                </span>
              </div>
            </div>
          </div>
        </div>
      </div>
      <div
        class="teleporter hidden"
        data-v-d4e6e290=""
      />
    </div>
  </div>
</div>
`;
