// Vitest Snapshot v1

exports[`components > N8nActionDropdown > should render custom styling correctly 1`] = `
"<div class=\\"action-dropdown-container actionDropdownContainer\\">
  <el-dropdown-stub trigger=\\"click\\" size=\\"\\" hideonclick=\\"true\\" placement=\\"bottom\\" visiblearrow=\\"true\\" showtimeout=\\"250\\" hidetimeout=\\"150\\" tabindex=\\"0\\">
    <div class=\\"activator\\">
      <n8n-icon-stub icon=\\"ellipsis-v\\" size=\\"medium\\"></n8n-icon-stub>
    </div>
  </el-dropdown-stub>
</div>"
`;

exports[`components > N8nActionDropdown > should render default styling correctly 1`] = `
"<div class=\\"action-dropdown-container actionDropdownContainer\\">
  <el-dropdown-stub trigger=\\"click\\" size=\\"\\" hideonclick=\\"true\\" placement=\\"bottom\\" visiblearrow=\\"true\\" showtimeout=\\"250\\" hidetimeout=\\"150\\" tabindex=\\"0\\">
    <div class=\\"activator\\">
      <n8n-icon-stub icon=\\"ellipsis-v\\" size=\\"medium\\"></n8n-icon-stub>
    </div>
  </el-dropdown-stub>
</div>"
`;
